exports[`LogoMark React component Renders Dark correctly 1`] = `
<img
  alt="Numenta Logo Mark"
  className="image"
  onClick={undefined}
  src="filename.ext"
  title="Numenta" />
`;

exports[`LogoMark React component Renders Default correctly 1`] = `
<img
  alt="Numenta Logo Mark"
  className="image"
  onClick={undefined}
  src="filename.ext"
  title="Numenta" />
`;

exports[`LogoMark React component Renders Lite correctly 1`] = `
<img
  alt="Numenta Logo Mark"
  className="image"
  onClick={undefined}
  src="filename.ext"
  title="Numenta" />
`;
