exports[`Table React component Renders correctly 1`] = `
<table
  className="table">
  <tbody
    className="tableBody">
    <tr
      className="tableRow">
      <td
        className="tableCell"
        colSpan={1}>
        Cell 1
      </td>
      <td
        className="tableCell"
        colSpan={1}>
        Cell 2
      </td>
      <td
        className="tableCell"
        colSpan={1}>
        Cell 3
      </td>
    </tr>
  </tbody>
</table>
`;
