exports[`Glance React component Renders correctly 1`] = `
<aside
  className="glance">
  <div
    className="logo">
    <img
      alt="Numenta Logo"
      className="image"
      onClick={undefined}
      src="filename.ext"
      title="Numenta" />
  </div>
  <dl
    className="defineList horizontal">
    <dt
      className="defineTitle horizontal">
      About
    </dt>
    <dd
      className="defineItem horizontal">
      Developing a neocortical theory for biological and machine intelligence.
    </dd>
    <dt
      className="defineTitle horizontal">
      Established
    </dt>
    <dd
      className="defineItem horizontal">
      <span>
        Feb 4, 2005
        <span
          className="spacer">
          •
        </span>
        Redwood City, CA
      </span>
    </dd>
    <dt
      className="defineTitle horizontal">
      Employees
    </dt>
    <dd
      className="defineItem horizontal">
      15 — 20
    </dd>
    <dt
      className="defineTitle horizontal">
      Business
    </dt>
    <dd
      className="defineItem horizontal">
      <a
        className="textlink"
        href="/assets/pdf/apps/licensing-guide.pdf"
        onClick={[Function instrumentOnClick]}
        target={undefined}>
        Licensing
      </a>
    </dd>
    <dt
      className="defineTitle horizontal">
      Content
    </dt>
    <dd
      className="defineItem horizontal">
      <span>
        <a
          className="textlink"
          href={undefined}
          onClick={[Function bound handleClick]}
          style={Object {}}
          target={undefined}>
          Blog
        </a>
        <span
          className="spacer">
          •
        </span>
        <a
          className="textlink"
          href={undefined}
          onClick={[Function bound handleClick]}
          style={Object {}}
          target={undefined}>
          Newsletter
        </a>
      </span>
    </dd>
    <dt
      className="defineTitle horizontal">
      Press
    </dt>
    <dd
      className="defineItem horizontal">
      <span>
        <a
          className="textlink"
          href={undefined}
          onClick={[Function bound handleClick]}
          style={Object {}}
          target={undefined}>
          Releases
        </a>
        <span
          className="spacer">
          •
        </span>
        <a
          className="textlink"
          href={undefined}
          onClick={[Function bound handleClick]}
          style={Object {}}
          target={undefined}>
          Links
        </a>
      </span>
    </dd>
    <dt
      className="defineTitle horizontal">
      Events
    </dt>
    <dd
      className="defineItem horizontal">
      <a
        className="textlink"
        href={undefined}
        onClick={[Function bound handleClick]}
        style={Object {}}
        target={undefined}>
        Events
      </a>
    </dd>
    <dt
      className="defineTitle horizontal">
      Latest
    </dt>
    <dd
      className="defineItem horizontal">
      <a
        className="textlink"
        href={undefined}
        onClick={[Function bound handleClick]}
        style={Object {}}
        target={undefined}>
        Why did we overhaul our web design? The story behind our new look. 
         
        <span
          className="tag">
          New
        </span>
      </a>
    </dd>
  </dl>
</aside>
`;
