exports[`FormTextArea React component Renders correctly 1`] = `
<form
  acceptCharset="UTF-8"
  action={undefined}
  autoComplete="off"
  className="form"
  encType="multipart/form-data"
  id={undefined}
  method="post"
  name={undefined}
  onSubmit={undefined}>
  <div
    className="formRow">
    <label
      className="formLabel"
      htmlFor={undefined}>
      Label
    </label>
    <textarea
      className="formTextArea"
      id="field"
      name="field"
      placeholder="Default">
      Contents
    </textarea>
  </div>
</form>
`;
