exports[`FormTextArea React component Renders correctly 1`] = `
<form
  acceptCharset="UTF-8"
  action="http://numenta.com"
  autoComplete="off"
  className="form"
  encType="multipart/form-data"
  id="form"
  method="post"
  name="form"
  onSubmit={[Function]}>
  <div
    className="formRow">
    <label
      className="formLabel"
      htmlFor={undefined}>
      Label
    </label>
    <textarea
      className="formTextArea"
      id="field"
      name="field"
      placeholder="Default">
      Contents
    </textarea>
  </div>
</form>
`;
