exports[`<ImageLink /> React component unit test suite Renders correctly 1`] = `
<a
  className="imagelink"
  href="http://numenta.com"
  onClick={[Function onClick]}
  title={undefined}>
  <img
    alt={undefined}
    className="image shadow"
    onClick={undefined}
    src="zebra.png"
    title="Zebra Image" />
</a>
`;
