exports[`PostListItem React component Renders correctly 1`] = `
<div
  className="item">
  <div
    className="date">
    <time
      className="time"
      dateTime="Invalid date">
      Invalid date
    </time>
  </div>
  <a
    className="textlink"
    href={undefined}
    onClick={[Function bound handleClick]}
    style={Object {}}
    target={undefined}>
    <span
      className="title" />
  </a>
  <p
    className="paragraph">
    ...
  </p>
  <div
    className="author">
    <span
      className="subtle">
      <span
        className="avatar">
        <img
          alt="Ada Lovelace"
          className="image border round"
          onClick={undefined}
          src="filename.ext"
          title="Ada Lovelace" />
      </span>
      Ada Lovelace
      <span
        className="spacer">
        •
      </span>
    </span>
  </div>
</div>
`;
