exports[`<Pingdom /> React component unit test suite Renders correctly 1`] = `
<script
  dangerouslySetInnerHTML={
    Object {
      "__html": " var _prum = [[\'id\', \'abcd1234\'], [\'mark\', \'firstbyte\', (new Date()).getTime()]]; (function() { var s = document.getElementsByTagName(\'script\')[0], p = document.createElement(\'script\'); p.async = \'async\'; p.src = \'//rum-static.pingdom.net/prum.min.js\'; s.parentNode.insertBefore(p, s); })(); "
    }
  } />
`;
